{
    "hto_matrix - combined - preprocessing": {
        "content": [
            {
                "0": [
                    [
                        {
                            "id": "test"
                        },
                        "test_assignment_bff.csv:md5,89808ab6a4f893bf9e59514bd34a3f54"
                    ]
                ],
                "1": [
                    [
                        {
                            "id": "test"
                        },
                        "test_metrics_bff.csv:md5,1d7751cf035c9e736e4de5504ff87a6a"
                    ]
                ],
                "2": [
                    [
                        {
                            "id": "test"
                        },
                        "test_params_bff.csv:md5,761dec35875c035c038fb44a5957eab4"
                    ]
                ],
                "3": [
                    "versions.yml:md5,71a50af83aebf56493d64a87f468a6f2"
                ],
                "assignment": [
                    [
                        {
                            "id": "test"
                        },
                        "test_assignment_bff.csv:md5,89808ab6a4f893bf9e59514bd34a3f54"
                    ]
                ],
                "metrics": [
                    [
                        {
                            "id": "test"
                        },
                        "test_metrics_bff.csv:md5,1d7751cf035c9e736e4de5504ff87a6a"
                    ]
                ],
                "params": [
                    [
                        {
                            "id": "test"
                        },
                        "test_params_bff.csv:md5,761dec35875c035c038fb44a5957eab4"
                    ]
                ],
                "versions": [
                    "versions.yml:md5,71a50af83aebf56493d64a87f468a6f2"
                ]
            }
        ],
        "meta": {
            "nf-test": "0.9.2",
            "nextflow": "25.04.3"
        },
        "timestamp": "2025-06-17T09:53:10.676096"
    },
    "hto_matrix - RAW - preprocessing: TRUE": {
        "content": [
            {
                "0": [
                    [
                        {
                            "id": "test"
                        },
                        "test_assignment_bff.csv:md5,7262263d31ceb124df8cbcf3b14f0f07"
                    ]
                ],
                "1": [
                    [
                        {
                            "id": "test"
                        },
                        "test_metrics_bff.csv:md5,91611097843bd9d7f267927569e78fb0"
                    ]
                ],
                "2": [
                    [
                        {
                            "id": "test"
                        },
                        "test_params_bff.csv:md5,ac4e3948b07098a459574f28b88941b9"
                    ]
                ],
                "3": [
                    "versions.yml:md5,c72f9a10628160cafc48879819ed17ab"
                ],
                "assignment": [
                    [
                        {
                            "id": "test"
                        },
                        "test_assignment_bff.csv:md5,7262263d31ceb124df8cbcf3b14f0f07"
                    ]
                ],
                "metrics": [
                    [
                        {
                            "id": "test"
                        },
                        "test_metrics_bff.csv:md5,91611097843bd9d7f267927569e78fb0"
                    ]
                ],
                "params": [
                    [
                        {
                            "id": "test"
                        },
                        "test_params_bff.csv:md5,ac4e3948b07098a459574f28b88941b9"
                    ]
                ],
                "versions": [
                    "versions.yml:md5,c72f9a10628160cafc48879819ed17ab"
                ]
            }
        ],
        "meta": {
            "nf-test": "0.9.2",
            "nextflow": "25.04.3"
        },
        "timestamp": "2025-06-17T09:15:38.72601"
    },
    "hto_matrix - COMBINED - preprocessing: TRUE": {
        "content": [
            {
                "0": [
                    [
                        {
                            "id": "test"
                        },
                        "test_assignment_bff.csv:md5,89808ab6a4f893bf9e59514bd34a3f54"
                    ]
                ],
                "1": [
                    [
                        {
                            "id": "test"
                        },
                        "test_metrics_bff.csv:md5,1d7751cf035c9e736e4de5504ff87a6a"
                    ]
                ],
                "2": [
                    [
                        {
                            "id": "test"
                        },
                        "test_params_bff.csv:md5,761dec35875c035c038fb44a5957eab4"
                    ]
                ],
                "3": [
                    "versions.yml:md5,c72f9a10628160cafc48879819ed17ab"
                ],
                "assignment": [
                    [
                        {
                            "id": "test"
                        },
                        "test_assignment_bff.csv:md5,89808ab6a4f893bf9e59514bd34a3f54"
                    ]
                ],
                "metrics": [
                    [
                        {
                            "id": "test"
                        },
                        "test_metrics_bff.csv:md5,1d7751cf035c9e736e4de5504ff87a6a"
                    ]
                ],
                "params": [
                    [
                        {
                            "id": "test"
                        },
                        "test_params_bff.csv:md5,761dec35875c035c038fb44a5957eab4"
                    ]
                ],
                "versions": [
                    "versions.yml:md5,c72f9a10628160cafc48879819ed17ab"
                ]
            }
        ],
        "meta": {
            "nf-test": "0.9.2",
            "nextflow": "25.04.3"
        },
        "timestamp": "2025-06-17T09:15:12.425026"
    },
    "hto_matrix - CLUSTER - preprocessing: FALSE": {
        "content": [
            {
                "0": [
                    
                ],
                "1": [
                    
                ],
                "2": [
                    
                ],
                "3": [
                    
                ],
                "assignment": [
                    
                ],
                "metrics": [
                    
                ],
                "params": [
                    
                ],
                "versions": [
                    
                ]
            }
        ],
        "meta": {
            "nf-test": "0.9.2",
            "nextflow": "25.04.3"
        },
        "timestamp": "2025-06-17T09:16:09.749385"
    },
    "hto_matrix - COMBINED - preprocessing: FALSE": {
        "content": [
            {
                "0": [
                    [
                        {
                            "id": "test"
                        },
                        "test_assignment_bff.csv:md5,9bdd3fb540ce56b103d424ed833b9239"
                    ]
                ],
                "1": [
                    [
                        {
                            "id": "test"
                        },
                        "test_metrics_bff.csv:md5,1d7751cf035c9e736e4de5504ff87a6a"
                    ]
                ],
                "2": [
                    [
                        {
                            "id": "test"
                        },
                        "test_params_bff.csv:md5,761dec35875c035c038fb44a5957eab4"
                    ]
                ],
                "3": [
                    "versions.yml:md5,c72f9a10628160cafc48879819ed17ab"
                ],
                "assignment": [
                    [
                        {
                            "id": "test"
                        },
                        "test_assignment_bff.csv:md5,9bdd3fb540ce56b103d424ed833b9239"
                    ]
                ],
                "metrics": [
                    [
                        {
                            "id": "test"
                        },
                        "test_metrics_bff.csv:md5,1d7751cf035c9e736e4de5504ff87a6a"
                    ]
                ],
                "params": [
                    [
                        {
                            "id": "test"
                        },
                        "test_params_bff.csv:md5,761dec35875c035c038fb44a5957eab4"
                    ]
                ],
                "versions": [
                    "versions.yml:md5,c72f9a10628160cafc48879819ed17ab"
                ]
            }
        ],
        "meta": {
            "nf-test": "0.9.2",
            "nextflow": "25.04.3"
        },
        "timestamp": "2025-06-17T09:15:25.298827"
    },
    "hto_matrix - combined - preprocessing - stub": {
        "content": [
            {
                "0": [
                    [
                        {
                            "id": "test"
                        },
                        "test_assignment_bff.csv:md5,d41d8cd98f00b204e9800998ecf8427e"
                    ]
                ],
                "1": [
                    [
                        {
                            "id": "test"
                        },
                        "test_metrics_bff.csv:md5,d41d8cd98f00b204e9800998ecf8427e"
                    ]
                ],
                "2": [
                    [
                        {
                            "id": "test"
                        },
                        "test_params_bff.csv:md5,d41d8cd98f00b204e9800998ecf8427e"
                    ]
                ],
                "3": [
                    "versions.yml:md5,71a50af83aebf56493d64a87f468a6f2"
                ],
                "assignment": [
                    [
                        {
                            "id": "test"
                        },
                        "test_assignment_bff.csv:md5,d41d8cd98f00b204e9800998ecf8427e"
                    ]
                ],
                "metrics": [
                    [
                        {
                            "id": "test"
                        },
                        "test_metrics_bff.csv:md5,d41d8cd98f00b204e9800998ecf8427e"
                    ]
                ],
                "params": [
                    [
                        {
                            "id": "test"
                        },
                        "test_params_bff.csv:md5,d41d8cd98f00b204e9800998ecf8427e"
                    ]
                ],
                "versions": [
                    "versions.yml:md5,71a50af83aebf56493d64a87f468a6f2"
                ]
            }
        ],
        "meta": {
            "nf-test": "0.9.2",
            "nextflow": "25.04.3"
        },
        "timestamp": "2025-06-17T09:53:51.239405"
    },
    "hto_matrix - combined - no preprocessing": {
        "content": [
            {
                "0": [
                    [
                        {
                            "id": "test"
                        },
                        "test_assignment_bff.csv:md5,9bdd3fb540ce56b103d424ed833b9239"
                    ]
                ],
                "1": [
                    [
                        {
                            "id": "test"
                        },
                        "test_metrics_bff.csv:md5,1d7751cf035c9e736e4de5504ff87a6a"
                    ]
                ],
                "2": [
                    [
                        {
                            "id": "test"
                        },
                        "test_params_bff.csv:md5,761dec35875c035c038fb44a5957eab4"
                    ]
                ],
                "3": [
                    "versions.yml:md5,71a50af83aebf56493d64a87f468a6f2"
                ],
                "assignment": [
                    [
                        {
                            "id": "test"
                        },
                        "test_assignment_bff.csv:md5,9bdd3fb540ce56b103d424ed833b9239"
                    ]
                ],
                "metrics": [
                    [
                        {
                            "id": "test"
                        },
                        "test_metrics_bff.csv:md5,1d7751cf035c9e736e4de5504ff87a6a"
                    ]
                ],
                "params": [
                    [
                        {
                            "id": "test"
                        },
                        "test_params_bff.csv:md5,761dec35875c035c038fb44a5957eab4"
                    ]
                ],
                "versions": [
                    "versions.yml:md5,71a50af83aebf56493d64a87f468a6f2"
                ]
            }
        ],
        "meta": {
            "nf-test": "0.9.2",
            "nextflow": "25.04.3"
        },
        "timestamp": "2025-06-17T09:53:38.441325"
    },
    "sarscov2 - bam": {
        "content": [
            {
                "0": [
                    [
                        {
                            "id": "test"
                        },
                        "prefix_assignment_bff.csv:md5,89808ab6a4f893bf9e59514bd34a3f54"
                    ]
                ],
                "1": [
                    [
                        {
                            "id": "test"
                        },
                        "prefix_metrics_bff.csv:md5,1d7751cf035c9e736e4de5504ff87a6a"
                    ]
                ],
                "2": [
                    [
                        {
                            "id": "test"
                        },
                        "prefix_params_bff.csv:md5,8ea90eadec0e7e3a73800e7f18f0c527"
                    ]
                ],
                "3": [
                    "versions.yml:md5,c72f9a10628160cafc48879819ed17ab"
                ],
                "assignment": [
                    [
                        {
                            "id": "test"
                        },
                        "prefix_assignment_bff.csv:md5,89808ab6a4f893bf9e59514bd34a3f54"
                    ]
                ],
                "metrics": [
                    [
                        {
                            "id": "test"
                        },
                        "prefix_metrics_bff.csv:md5,1d7751cf035c9e736e4de5504ff87a6a"
                    ]
                ],
                "params": [
                    [
                        {
                            "id": "test"
                        },
                        "prefix_params_bff.csv:md5,8ea90eadec0e7e3a73800e7f18f0c527"
                    ]
                ],
                "versions": [
                    "versions.yml:md5,c72f9a10628160cafc48879819ed17ab"
                ]
            }
        ],
        "meta": {
            "nf-test": "0.9.2",
            "nextflow": "25.04.3"
        },
        "timestamp": "2025-06-17T08:42:06.434326"
    },
    "hto_matrix - RAW - preprocessing: FALSE": {
        "content": [
            {
                "0": [
                    [
                        {
                            "id": "test"
                        },
                        "test_assignment_bff.csv:md5,5275e14cb6003ac9048e84df97baaa40"
                    ]
                ],
                "1": [
                    [
                        {
                            "id": "test"
                        },
                        "test_metrics_bff.csv:md5,91611097843bd9d7f267927569e78fb0"
                    ]
                ],
                "2": [
                    [
                        {
                            "id": "test"
                        },
                        "test_params_bff.csv:md5,ac4e3948b07098a459574f28b88941b9"
                    ]
                ],
                "3": [
                    "versions.yml:md5,c72f9a10628160cafc48879819ed17ab"
                ],
                "assignment": [
                    [
                        {
                            "id": "test"
                        },
                        "test_assignment_bff.csv:md5,5275e14cb6003ac9048e84df97baaa40"
                    ]
                ],
                "metrics": [
                    [
                        {
                            "id": "test"
                        },
                        "test_metrics_bff.csv:md5,91611097843bd9d7f267927569e78fb0"
                    ]
                ],
                "params": [
                    [
                        {
                            "id": "test"
                        },
                        "test_params_bff.csv:md5,ac4e3948b07098a459574f28b88941b9"
                    ]
                ],
                "versions": [
                    "versions.yml:md5,c72f9a10628160cafc48879819ed17ab"
                ]
            }
        ],
        "meta": {
            "nf-test": "0.9.2",
            "nextflow": "25.04.3"
        },
        "timestamp": "2025-06-17T09:15:51.245844"
    },
    "hto_matrix - CLUSTER - preprocessing: TRUE": {
        "content": [
            {
                "0": [
                    
                ],
                "1": [
                    
                ],
                "2": [
                    
                ],
                "3": [
                    
                ],
                "assignment": [
                    
                ],
                "metrics": [
                    
                ],
                "params": [
                    
                ],
                "versions": [
                    
                ]
            }
        ],
        "meta": {
            "nf-test": "0.9.2",
            "nextflow": "25.04.3"
        },
        "timestamp": "2025-06-17T09:16:00.760488"
    },
    "hto_matrix - raw - preprocessing": {
        "content": [
            {
                "0": [
                    [
                        {
                            "id": "test"
                        },
                        "test_assignment_bff.csv:md5,7262263d31ceb124df8cbcf3b14f0f07"
                    ]
                ],
                "1": [
                    [
                        {
                            "id": "test"
                        },
                        "test_metrics_bff.csv:md5,91611097843bd9d7f267927569e78fb0"
                    ]
                ],
                "2": [
                    [
                        {
                            "id": "test"
                        },
                        "test_params_bff.csv:md5,ac4e3948b07098a459574f28b88941b9"
                    ]
                ],
                "3": [
                    "versions.yml:md5,71a50af83aebf56493d64a87f468a6f2"
                ],
                "assignment": [
                    [
                        {
                            "id": "test"
                        },
                        "test_assignment_bff.csv:md5,7262263d31ceb124df8cbcf3b14f0f07"
                    ]
                ],
                "metrics": [
                    [
                        {
                            "id": "test"
                        },
                        "test_metrics_bff.csv:md5,91611097843bd9d7f267927569e78fb0"
                    ]
                ],
                "params": [
                    [
                        {
                            "id": "test"
                        },
                        "test_params_bff.csv:md5,ac4e3948b07098a459574f28b88941b9"
                    ]
                ],
                "versions": [
                    "versions.yml:md5,71a50af83aebf56493d64a87f468a6f2"
                ]
            }
        ],
        "meta": {
            "nf-test": "0.9.2",
            "nextflow": "25.04.3"
        },
        "timestamp": "2025-06-17T09:53:25.067111"
    }
}