{
    "sarscov2 - bam": {
        "content": [
            {
                "0": [
                    [
                        {
                            "id": "test"
                        },
                        [
                            "test_assignment_htodemux.csv:md5,33d72b27c3d0b0f7394af18a18490a5c",
                            "test_classification_htodemux.csv:md5,886f595f148d2ccdd5a9134b8eb815cb",
                            "test_params_htodemux.csv:md5,61065a5ddedda3bcf5a51e9eb5a72eae"
                        ]
                    ]
                ],
                "1": [
                    [
                        {
                            "id": "test"
                        },
                        "testhtodemux.rds:md5,ec43d2d0217c3a87529f1eb4d0e05ffb"
                    ]
                ],
                "2": [
                    "versions.yml:md5,faa097177f5c4efd711eb8dd5701b6d2"
                ],
                "csv": [
                    [
                        {
                            "id": "test"
                        },
                        [
                            "test_assignment_htodemux.csv:md5,33d72b27c3d0b0f7394af18a18490a5c",
                            "test_classification_htodemux.csv:md5,886f595f148d2ccdd5a9134b8eb815cb",
                            "test_params_htodemux.csv:md5,61065a5ddedda3bcf5a51e9eb5a72eae"
                        ]
                    ]
                ],
                "rds": [
                    [
                        {
                            "id": "test"
                        },
                        "testhtodemux.rds:md5,ec43d2d0217c3a87529f1eb4d0e05ffb"
                    ]
                ],
                "versions": [
                    "versions.yml:md5,faa097177f5c4efd711eb8dd5701b6d2"
                ]
            }
        ],
        "meta": {
            "nf-test": "0.9.2",
            "nextflow": "25.04.3"
        },
        "timestamp": "2025-06-14T15:21:00.420534"
    }
}